This is pdfTeX, Version 3.141592653-2.6-1.40.28 (MiKTeX 25.12) (preloaded format=pdflatex 2026.7.13)  31 AUG 2026 00:05
entering extended mode
 restricted \write18 enabled.
 file:line:error style messages enabled.
 %&-line parsing enabled.
**d:/stage/stage_PFA_2026/stage/documentation_du_grile_fonctionnelle/documentation2.tex
(d:/stage/stage_PFA_2026/stage/documentation_du_grile_fonctionnelle/documentation2.tex
LaTeX2e <2025-11-01>
L3 programming layer <2025-12-24>
(C:\Program Files\MiKTeX\tex/latex/base\report.cls
Document Class: report 2025/01/22 v1.4n Standard LaTeX document class
(C:\Program Files\MiKTeX\tex/latex/base\size11.clo
File: size11.clo 2025/01/22 v1.4n Standard LaTeX file (size option)
)
\c@part=\count275
\c@chapter=\count276
\c@section=\count277
\c@subsection=\count278
\c@subsubsection=\count279
\c@paragraph=\count280
\c@subparagraph=\count281
\c@figure=\count282
\c@table=\count283
\abovecaptionskip=\skip49
\belowcaptionskip=\skip50
\bibindent=\dimen148
) (C:\Program Files\MiKTeX\tex/latex/base\inputenc.sty
Package: inputenc 2024/02/08 v1.3d Input encoding file
\inpenc@prehook=\toks17
\inpenc@posthook=\toks18
) (C:\Program Files\MiKTeX\tex/latex/base\fontenc.sty
Package: fontenc 2025/07/18 v2.1d Standard LaTeX package
) (C:\Program Files\MiKTeX\tex/generic/babel\babel.sty
Package: babel 2025/12/11 v25.17 The multilingual framework for LuaLaTeX, pdfLaTeX and XeLaTeX
\babel@savecnt=\count284
LaTeX Encoding Info:    Redeclaring text command \ij (encoding OT1) on input line 2068.
LaTeX Encoding Info:    Redeclaring text command \IJ (encoding OT1) on input line 2070.
LaTeX Encoding Info:    Redeclaring text command \ij (encoding T1) on input line 2072.
LaTeX Encoding Info:    Redeclaring text command \IJ (encoding T1) on input line 2073.
LaTeX Encoding Info:    Ignoring declaration for text command \ij (encoding ?) on input line 2074.
LaTeX Encoding Info:    Ignoring declaration for text command \IJ (encoding ?) on input line 2076.
LaTeX Encoding Info:    Ignoring declaration for text command \SS (encoding ?) on input line 2101.
\U@D=\dimen149
\l@unhyphenated=\language79
 (C:\Program Files\MiKTeX\tex/generic/babel\txtbabel.def)
\bbl@readstream=\read2
\bbl@dirlevel=\count285
Package babel Info: Configuration files are deprecated, as
(babel)             they can break document portability.
(babel)             Reported on input line 4196.

*************************************
* Local config file bblopts.cfg used
*
(C:\Program Files\MiKTeX\tex/latex/arabi\bblopts.cfg
File: bblopts.cfg 2005/09/08 v0.1 add Arabic and Farsi to "declared" options of babel
) (C:\Program Files\MiKTeX\tex/generic/babel/locale/fr\babel-french.tex)
Package babel Info: Importing font and identification data for french
(babel)             from babel-fr.ini. Reported on input line 4320.
 (C:\Program Files\MiKTeX\tex/generic/babel-french\french.ldf
Language: french 2026-06-06 v4.1a French support from the babel system
 (C:\Program Files\MiKTeX\tex/generic/babel-french\french3.ldf
Language: french 2026-06-06 v3.7f French support from the babel system
\FB@stdchar=\count286
Package babel Info: Making : an active character on input line 266.
Package babel Info: Making ; an active character on input line 267.
Package babel Info: Making ! an active character on input line 268.
Package babel Info: Making ? an active character on input line 269.
\FBguill@level=\count287
\FBold@everypar=\toks19
\FB@Mht=\dimen150
\mc@charclass=\count288
\mc@charfam=\count289
\mc@charslot=\count290
\std@mcc=\count291
\dec@mcc=\count292
\listindentFB=\dimen151
\descindentFB=\dimen152
\labelwidthFB=\dimen153
\labelfullwidthFB=\dimen154
\FB@pardim=\dimen155
\parindentFFN=\dimen156
\FBfnindent=\dimen157
))) (C:\Program Files\MiKTeX\tex/latex/carlisle\scalefnt.sty) (C:\Program Files\MiKTeX\tex/latex/tools\longtable.sty
Package: longtable 2025-10-13 v4.24 Multi-page Table package (DPC)
\LTleft=\skip51
\LTright=\skip52
\LTpre=\skip53
\LTpost=\skip54
\LTchunksize=\count293
\LTcapwidth=\dimen158
\LT@head=\box53
\LT@firsthead=\box54
\LT@foot=\box55
\LT@lastfoot=\box56
\LT@gbox=\box57
\LT@cols=\count294
\LT@rows=\count295
\c@LT@tables=\count296
\c@LT@chunks=\count297
\LT@p@ftn=\toks20
) (C:\Program Files\MiKTeX\tex/latex/geometry\geometry.sty
Package: geometry 2026/03/07 v6.0 Page Geometry
 (C:\Program Files\MiKTeX\tex/latex/graphics\keyval.sty
Package: keyval 2022/05/29 v1.15 key=value parser (DPC)
\KV@toks@=\toks21
) (C:\Program Files\MiKTeX\tex/generic/iftex\ifvtex.sty
Package: ifvtex 2019/10/25 v1.7 ifvtex legacy package. Use iftex instead.
 (C:\Program Files\MiKTeX\tex/generic/iftex\iftex.sty
Package: iftex 2024/12/12 v1.0g TeX engine tests
))
\Gm@cnth=\count298
\Gm@cntv=\count299
\c@Gm@tempcnt=\count300
\Gm@bindingoffset=\dimen159
\Gm@wd@mp=\dimen160
\Gm@odd@mp=\dimen161
\Gm@even@mp=\dimen162
\Gm@layoutwidth=\dimen163
\Gm@layoutheight=\dimen164
\Gm@layouthoffset=\dimen165
\Gm@layoutvoffset=\dimen166
\Gm@dimlist=\toks22
 (C:\Program Files\MiKTeX\tex/latex/geometry\geometry.cfg)) (C:\Program Files\MiKTeX\tex/latex/graphics\graphicx.sty
Package: graphicx 2024/12/31 v1.2e Enhanced LaTeX Graphics (DPC,SPQR)
 (C:\Program Files\MiKTeX\tex/latex/graphics\graphics.sty
Package: graphics 2024/08/06 v1.4g Standard LaTeX Graphics (DPC,SPQR)
 (C:\Program Files\MiKTeX\tex/latex/graphics\trig.sty
Package: trig 2023/12/02 v1.11 sin cos tan (DPC)
) (C:\Program Files\MiKTeX\tex/latex/graphics-cfg\graphics.cfg
File: graphics.cfg 2016/06/04 v1.11 sample graphics configuration
)
Package graphics Info: Driver file: pdftex.def on input line 106.
 (C:\Program Files\MiKTeX\tex/latex/graphics-def\pdftex.def
File: pdftex.def 2025/09/29 v1.2d Graphics/color driver for pdftex
))
\Gin@req@height=\dimen167
\Gin@req@width=\dimen168
) (C:\Program Files\MiKTeX\tex/latex/float\float.sty
Package: float 2001/11/08 v1.3d Float enhancements (AL)
\c@float@type=\count301
\float@exts=\toks23
\float@box=\box58
\@float@everytoks=\toks24
\@floatcapt=\box59
) (C:\Program Files\MiKTeX\tex/latex/caption\caption.sty
Package: caption 2023/08/05 v3.6o Customizing captions (AR)
 (C:\Program Files\MiKTeX\tex/latex/caption\caption3.sty
Package: caption3 2023/07/31 v2.4d caption3 kernel (AR)
\caption@tempdima=\dimen169
\captionmargin=\dimen170
\caption@leftmargin=\dimen171
\caption@rightmargin=\dimen172
\caption@width=\dimen173
\caption@indent=\dimen174
\caption@parindent=\dimen175
\caption@hangindent=\dimen176
Package caption Info: Standard document class detected.
Package caption Info: french babel package is loaded.
)
\c@caption@flags=\count302
\c@continuedfloat=\count303
Package caption Info: float package is loaded.
Package caption Info: longtable package is loaded.
 (C:\Program Files\MiKTeX\tex/latex/caption\ltcaption.sty
Package: ltcaption 2021/01/08 v1.4c longtable captions (AR)
)) (C:\Program Files\MiKTeX\tex/latex/xcolor\xcolor.sty
Package: xcolor 2024/09/29 v3.02 LaTeX color extensions (UK)
 (C:\Program Files\MiKTeX\tex/latex/graphics-cfg\color.cfg
File: color.cfg 2016/01/02 v1.6 sample color configuration
)
Package xcolor Info: Driver file: pdftex.def on input line 274.
 (C:\Program Files\MiKTeX\tex/latex/graphics\mathcolor.ltx)
Package xcolor Info: Model `cmy' substituted by `cmy0' on input line 1349.
Package xcolor Info: Model `hsb' substituted by `rgb' on input line 1353.
Package xcolor Info: Model `RGB' extended on input line 1365.
Package xcolor Info: Model `HTML' substituted by `rgb' on input line 1367.
Package xcolor Info: Model `Hsb' substituted by `hsb' on input line 1368.
Package xcolor Info: Model `tHsb' substituted by `hsb' on input line 1369.
Package xcolor Info: Model `HSB' substituted by `hsb' on input line 1370.
Package xcolor Info: Model `Gray' substituted by `gray' on input line 1371.
Package xcolor Info: Model `wave' substituted by `hsb' on input line 1372.
) (C:\Program Files\MiKTeX\tex/latex/hyperref\hyperref.sty
Package: hyperref 2025-07-12 v7.01o Hypertext links for LaTeX
 (C:\Program Files\MiKTeX\tex/latex/kvsetkeys\kvsetkeys.sty
Package: kvsetkeys 2022-10-05 v1.19 Key value parser (HO)
) (C:\Program Files\MiKTeX\tex/generic/kvdefinekeys\kvdefinekeys.sty
Package: kvdefinekeys 2019-12-19 v1.6 Define keys (HO)
) (C:\Program Files\MiKTeX\tex/generic/pdfescape\pdfescape.sty
Package: pdfescape 2019/12/09 v1.15 Implements pdfTeX's escape features (HO)
 (C:\Program Files\MiKTeX\tex/generic/ltxcmds\ltxcmds.sty
Package: ltxcmds 2023-12-04 v1.26 LaTeX kernel commands for general use (HO)
) (C:\Program Files\MiKTeX\tex/generic/pdftexcmds\pdftexcmds.sty
Package: pdftexcmds 2020-06-27 v0.33 Utility functions of pdfTeX for LuaTeX (HO)
 (C:\Program Files\MiKTeX\tex/generic/infwarerr\infwarerr.sty
Package: infwarerr 2019/12/03 v1.5 Providing info/warning/error messages (HO)
)
Package pdftexcmds Info: \pdf@primitive is available.
Package pdftexcmds Info: \pdf@ifprimitive is available.
Package pdftexcmds Info: \pdfdraftmode found.
)) (C:\Program Files\MiKTeX\tex/latex/hycolor\hycolor.sty
Package: hycolor 2020-01-27 v1.10 Color options for hyperref/bookmark (HO)
) (C:\Program Files\MiKTeX\tex/latex/hyperref\nameref.sty
Package: nameref 2025-06-21 v2.57 Cross-referencing by name of section
 (C:\Program Files\MiKTeX\tex/latex/refcount\refcount.sty
Package: refcount 2019/12/15 v3.6 Data extraction from label references (HO)
) (C:\Program Files\MiKTeX\tex/generic/gettitlestring\gettitlestring.sty
Package: gettitlestring 2019/12/15 v1.6 Cleanup title references (HO)
 (C:\Program Files\MiKTeX\tex/latex/kvoptions\kvoptions.sty
Package: kvoptions 2022-06-15 v3.15 Key value format for package options (HO)
))
\c@section@level=\count304
) (C:\Program Files\MiKTeX\tex/latex/etoolbox\etoolbox.sty
Package: etoolbox 2025/10/02 v2.5m e-TeX tools for LaTeX (JAW)
\etb@tempcnta=\count305
) (C:\Program Files\MiKTeX\tex/generic/stringenc\stringenc.sty
Package: stringenc 2019/11/29 v1.12 Convert strings between diff. encodings (HO)
)
\@linkdim=\dimen177
\Hy@linkcounter=\count306
\Hy@pagecounter=\count307
 (C:\Program Files\MiKTeX\tex/latex/hyperref\pd1enc.def
File: pd1enc.def 2025-07-12 v7.01o Hyperref: PDFDocEncoding definition (HO)
Now handling font encoding PD1 ...
... no UTF-8 mapping file for font encoding PD1
) (C:\Program Files\MiKTeX\tex/generic/intcalc\intcalc.sty
Package: intcalc 2019/12/15 v1.3 Expandable calculations with integers (HO)
)
\Hy@SavedSpaceFactor=\count308
 (C:\Program Files\MiKTeX\tex/latex/hyperref\puenc.def
File: puenc.def 2025-07-12 v7.01o Hyperref: PDF Unicode definition (HO)
Now handling font encoding PU ...
... no UTF-8 mapping file for font encoding PU
)
Package hyperref Info: Hyper figures OFF on input line 4195.
Package hyperref Info: Link nesting OFF on input line 4200.
Package hyperref Info: Hyper index ON on input line 4203.
Package hyperref Info: Plain pages OFF on input line 4210.
Package hyperref Info: Backreferencing OFF on input line 4215.
Package hyperref Info: Implicit mode ON; LaTeX internals redefined.
Package hyperref Info: Bookmarks ON on input line 4462.
\c@Hy@tempcnt=\count309
 (C:\Program Files\MiKTeX\tex/latex/url\url.sty
\Urlmuskip=\muskip17
Package: url 2013/09/16  ver 3.4  Verb mode for urls, etc.
)
LaTeX Info: Redefining \url on input line 4801.
\XeTeXLinkMargin=\dimen178
 (C:\Program Files\MiKTeX\tex/generic/bitset\bitset.sty
Package: bitset 2019/12/09 v1.3 Handle bit-vector datatype (HO)
 (C:\Program Files\MiKTeX\tex/generic/bigintcalc\bigintcalc.sty
Package: bigintcalc 2019/12/15 v1.5 Expandable calculations on big integers (HO)
))
\Fld@menulength=\count310
\Field@Width=\dimen179
\Fld@charsize=\dimen180
Package hyperref Info: Hyper figures OFF on input line 6078.
Package hyperref Info: Link nesting OFF on input line 6083.
Package hyperref Info: Hyper index ON on input line 6086.
Package hyperref Info: backreferencing OFF on input line 6093.
Package hyperref Info: Link coloring OFF on input line 6098.
Package hyperref Info: Link coloring with OCG OFF on input line 6103.
Package hyperref Info: PDF/A mode OFF on input line 6108.
\Hy@abspage=\count311
\c@Item=\count312
\c@Hfootnote=\count313
)
Package hyperref Info: Driver (autodetected): hpdftex.
 (C:\Program Files\MiKTeX\tex/latex/hyperref\hpdftex.def
File: hpdftex.def 2025-07-12 v7.01o Hyperref driver for pdfTeX
\Fld@listcount=\count314
\c@bookmark@seq@number=\count315
 (C:\Program Files\MiKTeX\tex/latex/rerunfilecheck\rerunfilecheck.sty
Package: rerunfilecheck 2025-06-21 v1.11 Rerun checks for auxiliary files (HO)
 (C:\Program Files\MiKTeX\tex/generic/uniquecounter\uniquecounter.sty
Package: uniquecounter 2019/12/15 v1.4 Provide unlimited unique counter (HO)
)
Package uniquecounter Info: New unique counter `rerunfilecheck' on input line 284.
)
\Hy@SectionHShift=\skip55
) (C:\Program Files\MiKTeX\tex/latex/titlesec\titlesec.sty
Package: titlesec 2025/01/04 v2.17 Sectioning titles
\ttl@box=\box60
\beforetitleunit=\skip56
\aftertitleunit=\skip57
\ttl@plus=\dimen181
\ttl@minus=\dimen182
\ttl@toksa=\toks25
\titlewidth=\dimen183
\titlewidthlast=\dimen184
\titlewidthfirst=\dimen185
) (C:\Program Files\MiKTeX\tex/latex/fancyhdr\fancyhdr.sty
Package: fancyhdr 2025/02/07 v5.2 Extensive control of page headers and footers
\f@nch@headwidth=\skip58
\f@nch@offset@elh=\skip59
\f@nch@offset@erh=\skip60
\f@nch@offset@olh=\skip61
\f@nch@offset@orh=\skip62
\f@nch@offset@elf=\skip63
\f@nch@offset@erf=\skip64
\f@nch@offset@olf=\skip65
\f@nch@offset@orf=\skip66
\f@nch@height=\skip67
\f@nch@footalignment=\skip68
\f@nch@widthL=\skip69
\f@nch@widthC=\skip70
\f@nch@widthR=\skip71
\@temptokenb=\toks26
) (C:\Program Files\MiKTeX\tex/latex/enumitem\enumitem.sty
Package: enumitem 2025/02/06 v3.11 Customized lists
\labelindent=\skip72
\enit@outerparindent=\dimen186
\enit@toks=\toks27
\enit@inbox=\box61
\enit@count@id=\count316
\enitdp@description=\count317
) (C:\Program Files\MiKTeX\tex/latex/setspace\setspace.sty
Package: setspace 2022/12/04 v6.7b set line spacing
) (C:\Program Files\MiKTeX\tex/latex/tools\array.sty
Package: array 2025/09/25 v2.6n Tabular extension package (FMi)
\col@sep=\dimen187
\ar@mcellbox=\box62
\extrarowheight=\dimen188
\NC@list=\toks28
\extratabsurround=\skip73
\backup@length=\skip74
\ar@cellbox=\box63
)
Package hyperref Info: Option `colorlinks' set `true' on input line 68.
Package french3.ldf Info: Setting StandardItemizeEnv=true for
(french3.ldf)             compatibility with enumitem package,
(french3.ldf)             reported on input line 192.
Package french3.ldf Info: Setting StandardEnumerateEnv=true for
(french3.ldf)             compatibility with enumitem package,
(french3.ldf)             reported on input line 192.
 (C:\Program Files\MiKTeX\tex/latex/l3backend\l3backend-pdftex.def
File: l3backend-pdftex.def 2025-10-09 L3 backend support: PDF output (pdfTeX)
\l__color_backend_stack_int=\count318
) (documentation2.aux
Package babel Info: 'french' activates 'french' shorthands.
(babel)             Reported on input line 11.
)
\openout1 = `documentation2.aux'.

LaTeX Font Info:    Checking defaults for OML/cmm/m/it on input line 192.
LaTeX Font Info:    ... okay on input line 192.
LaTeX Font Info:    Checking defaults for OMS/cmsy/m/n on input line 192.
LaTeX Font Info:    ... okay on input line 192.
LaTeX Font Info:    Checking defaults for OT1/cmr/m/n on input line 192.
LaTeX Font Info:    ... okay on input line 192.
LaTeX Font Info:    Checking defaults for T1/cmr/m/n on input line 192.
LaTeX Font Info:    ... okay on input line 192.
LaTeX Font Info:    Checking defaults for TS1/cmr/m/n on input line 192.
LaTeX Font Info:    ... okay on input line 192.
LaTeX Font Info:    Checking defaults for OMX/cmex/m/n on input line 192.
LaTeX Font Info:    ... okay on input line 192.
LaTeX Font Info:    Checking defaults for U/cmr/m/n on input line 192.
LaTeX Font Info:    ... okay on input line 192.
LaTeX Font Info:    Checking defaults for PD1/pdf/m/n on input line 192.
LaTeX Font Info:    ... okay on input line 192.
LaTeX Font Info:    Checking defaults for PU/pdf/m/n on input line 192.
LaTeX Font Info:    ... okay on input line 192.
LaTeX Info: Redefining \degres on input line 192.

*geometry* driver: auto-detecting
*geometry* detected driver: pdftex
*geometry* verbose mode - [ preamble ] result:
* driver: pdftex
* paper: a4paper
* layout: <same size as paper>
* layoutoffset:(h,v)=(0.0pt,0.0pt)
* modes: 
* h-part:(L,W,R)=(76.82234pt, 443.86319pt, 76.82234pt)
* v-part:(T,H,B)=(71.13188pt, 702.78308pt, 71.13188pt)
* \paperwidth=597.50787pt
* \paperheight=845.04684pt
* \textwidth=443.86319pt
* \textheight=702.78308pt
* \oddsidemargin=4.55235pt
* \evensidemargin=4.55235pt
* \topmargin=-38.1381pt
* \headheight=12.0pt
* \headsep=25.0pt
* \topskip=11.0pt
* \footskip=30.0pt
* \marginparwidth=50.0pt
* \marginparsep=10.0pt
* \columnsep=10.0pt
* \skip\footins=10.0pt plus 4.0pt minus 2.0pt
* \hoffset=0.0pt
* \voffset=0.0pt
* \mag=1000
* \@twocolumnfalse
* \@twosidefalse
* \@mparswitchfalse
* \@reversemarginfalse
* (1in=72.27pt=25.4mm, 1cm=28.453pt)

(C:\Program Files\MiKTeX\tex/context/base/mkii\supp-pdf.mkii
[Loading MPS to PDF converter (version 2006.09.02).]
\scratchcounter=\count319
\scratchdimen=\dimen189
\scratchbox=\box64
\nofMPsegments=\count320
\nofMParguments=\count321
\everyMPshowfont=\toks29
\MPscratchCnt=\count322
\MPscratchDim=\dimen190
\MPnumerator=\count323
\makeMPintoPDFobject=\count324
\everyMPtoPDFconversion=\toks30
) (C:\Program Files\MiKTeX\tex/latex/epstopdf-pkg\epstopdf-base.sty
Package: epstopdf-base 2020-01-24 v2.11 Base part for package epstopdf
Package epstopdf-base Info: Redefining graphics rule for `.eps' on input line 485.
 (C:\Program Files\MiKTeX\tex/latex/00miktex\epstopdf-sys.cfg
File: epstopdf-sys.cfg 2021/03/18 v2.0 Configuration of epstopdf for MiKTeX
))
Package caption Info: Begin \AtBeginDocument code.
Package caption Info: hyperref package is loaded.
Package caption Info: End \AtBeginDocument code.
Package hyperref Info: Link coloring ON on input line 192.
 (documentation2.out) (documentation2.out)
\@outlinefile=\write3
\openout3 = `documentation2.out'.

<image/logo_entreprise.jpg, id=63, 225.84375pt x 225.84375pt>
File: image/logo_entreprise.jpg Graphic file (type jpg)
<use image/logo_entreprise.jpg>
Package pdftex.def Info: image/logo_entreprise.jpg  used on input line 207.
(pdftex.def)             Requested size: 97.65044pt x 97.65195pt.
LaTeX Font Info:    External font `cmex10' loaded for size
(Font)              <10.95> on input line 250.
LaTeX Font Info:    External font `cmex10' loaded for size
(Font)              <8> on input line 250.
LaTeX Font Info:    External font `cmex10' loaded for size
(Font)              <6> on input line 250.
 [1

{C:/Users/hp/AppData/Local/MiKTeX/fonts/map/pdftex/pdftex.map} <./image/logo_entreprise.jpg>] (documentation2.toc)
\tf@toc=\write4
\openout4 = `documentation2.toc'.


pdfTeX warning (ext4): destination with the same identifier (name{page.1}) has been already used, duplicate ignored
<to be read again> 
                   \relax 
l.298 \cleardoublepage
                       [1


]
Chapitre 1.
[2


] [3]
Chapitre 2.
<image/inventaire/inventaire8.png, id=110, 641.89813pt x 272.51813pt>
File: image/inventaire/inventaire8.png Graphic file (type png)
<use image/inventaire/inventaire8.png>
Package pdftex.def Info: image/inventaire/inventaire8.png  used on input line 364.
(pdftex.def)             Requested size: 443.86319pt x 188.44522pt.
<image/inventaire/inventaire9.png, id=112, 639.89063pt x 273.02pt>
File: image/inventaire/inventaire9.png Graphic file (type png)
<use image/inventaire/inventaire9.png>
Package pdftex.def Info: image/inventaire/inventaire9.png  used on input line 371.
(pdftex.def)             Requested size: 443.86319pt x 189.38382pt.
[4

 <./image/inventaire/inventaire8.png>]
<image/inventaire/inventaire10.png, id=122, 641.89813pt x 264.99pt>
File: image/inventaire/inventaire10.png Graphic file (type png)
<use image/inventaire/inventaire10.png>
Package pdftex.def Info: image/inventaire/inventaire10.png  used on input line 378.
(pdftex.def)             Requested size: 443.86319pt x 183.23955pt.
<image/inventaire/inventaire11.png, id=123, 641.89813pt x 276.03125pt>
File: image/inventaire/inventaire11.png Graphic file (type png)
<use image/inventaire/inventaire11.png>
Package pdftex.def Info: image/inventaire/inventaire11.png  used on input line 387.
(pdftex.def)             Requested size: 443.86319pt x 190.87453pt.
 [5 <./image/inventaire/inventaire9.png> <./image/inventaire/inventaire10.png>]
File: image/inventaire/inventaire8.png Graphic file (type png)
<use image/inventaire/inventaire8.png>
Package pdftex.def Info: image/inventaire/inventaire8.png  used on input line 399.
(pdftex.def)             Requested size: 443.86319pt x 188.44522pt.
<image/inventaire/inventaire12.png, id=132, 641.89813pt x 274.52562pt>
File: image/inventaire/inventaire12.png Graphic file (type png)
<use image/inventaire/inventaire12.png>
Package pdftex.def Info: image/inventaire/inventaire12.png  used on input line 406.
(pdftex.def)             Requested size: 443.86319pt x 189.83339pt.
 [6 <./image/inventaire/inventaire11.png>]
<image/inventaire/inventaire13.png, id=141, 641.39626pt x 272.51813pt>
File: image/inventaire/inventaire13.png Graphic file (type png)
<use image/inventaire/inventaire13.png>
Package pdftex.def Info: image/inventaire/inventaire13.png  used on input line 413.
(pdftex.def)             Requested size: 443.86319pt x 188.59491pt.
<image/inventaire/inventaire14.png, id=142, 641.89813pt x 273.02pt>
File: image/inventaire/inventaire14.png Graphic file (type png)
<use image/inventaire/inventaire14.png>
Package pdftex.def Info: image/inventaire/inventaire14.png  used on input line 422.
(pdftex.def)             Requested size: 443.86319pt x 188.79227pt.
 [7 <./image/inventaire/inventaire12.png> <./image/inventaire/inventaire13.png> <./image/inventaire/inventaire14.png>]
<image/inventaire/inventaire15.png, id=153, 641.89813pt x 272.51813pt>
File: image/inventaire/inventaire15.png Graphic file (type png)
<use image/inventaire/inventaire15.png>
Package pdftex.def Info: image/inventaire/inventaire15.png  used on input line 436.
(pdftex.def)             Requested size: 443.86319pt x 188.44522pt.
<image/inventaire/inventaire16.png, id=154, 641.89813pt x 250.43562pt>
File: image/inventaire/inventaire16.png Graphic file (type png)
<use image/inventaire/inventaire16.png>
Package pdftex.def Info: image/inventaire/inventaire16.png  used on input line 448.
(pdftex.def)             Requested size: 443.86319pt x 173.17525pt.
<image/inventaire/inventaire17.png, id=155, 641.89813pt x 212.29312pt>
File: image/inventaire/inventaire17.png Graphic file (type png)
<use image/inventaire/inventaire17.png>
Package pdftex.def Info: image/inventaire/inventaire17.png  used on input line 457.
(pdftex.def)             Requested size: 443.86319pt x 146.79987pt.
 [8 <./image/inventaire/inventaire15.png> <./image/inventaire/inventaire16.png>]
<image/inventaire/inventaire18.png, id=164, 491.33563pt x 122.4575pt>
File: image/inventaire/inventaire18.png Graphic file (type png)
<use image/inventaire/inventaire18.png>
Package pdftex.def Info: image/inventaire/inventaire18.png  used on input line 464.
(pdftex.def)             Requested size: 443.86319pt x 110.62927pt.
 [9 <./image/inventaire/inventaire17.png> <./image/inventaire/inventaire18.png>]
Chapitre 3.

Overfull \hbox (0.68939pt too wide) in paragraph at lines 477--477
|[]\T1/cmr/bx/n/14.4 Étape 1 : Confi-gu-ra-tion des Hô-tels et Ar-chi-vage des Contrats| 
 []

<image/contrats_hoteliers/fournisseur1.png, id=173, 641.89813pt x 273.02pt>
File: image/contrats_hoteliers/fournisseur1.png Graphic file (type png)
<use image/contrats_hoteliers/fournisseur1.png>
Package pdftex.def Info: image/contrats_hoteliers/fournisseur1.png  used on input line 485.
(pdftex.def)             Requested size: 443.86319pt x 188.79227pt.
<image/contrats_hoteliers/fournisseur2.png, id=174, 641.89813pt x 273.02pt>
File: image/contrats_hoteliers/fournisseur2.png Graphic file (type png)
<use image/contrats_hoteliers/fournisseur2.png>
Package pdftex.def Info: image/contrats_hoteliers/fournisseur2.png  used on input line 492.
(pdftex.def)             Requested size: 443.86319pt x 188.79227pt.
<image/contrats_hoteliers/fournisseur3.png, id=175, 639.89063pt x 274.52562pt>
File: image/contrats_hoteliers/fournisseur3.png Graphic file (type png)
<use image/contrats_hoteliers/fournisseur3.png>
Package pdftex.def Info: image/contrats_hoteliers/fournisseur3.png  used on input line 499.
(pdftex.def)             Requested size: 443.86319pt x 190.42822pt.
[10

 <./image/contrats_hoteliers/fournisseur1.png> <./image/contrats_hoteliers/fournisseur2.png>]
<image/contrats_hoteliers/fournisseur4.png, id=184, 640.3925pt x 275.52937pt>
File: image/contrats_hoteliers/fournisseur4.png Graphic file (type png)
<use image/contrats_hoteliers/fournisseur4.png>
Package pdftex.def Info: image/contrats_hoteliers/fournisseur4.png  used on input line 508.
(pdftex.def)             Requested size: 443.86319pt x 190.97313pt.
<image/contrats_hoteliers/fournisseur5.png, id=185, 641.89813pt x 277.035pt>
File: image/contrats_hoteliers/fournisseur5.png Graphic file (type png)
<use image/contrats_hoteliers/fournisseur5.png>
Package pdftex.def Info: image/contrats_hoteliers/fournisseur5.png  used on input line 517.
(pdftex.def)             Requested size: 443.86319pt x 191.56862pt.
 [11 <./image/contrats_hoteliers/fournisseur3.png> <./image/contrats_hoteliers/fournisseur4.png>] [12 <./image/contrats_hoteliers/fournisseur5.png>] [13]
Chapitre 4.

Underfull \hbox (badness 10000) in paragraph at lines 579--579
[]|\T1/cmr/bx/n/10.95 Autres APIs
 []


Underfull \hbox (badness 10000) in paragraph at lines 579--579
\T1/cmr/bx/n/10.95 (Ama-deus,
 []


Underfull \hbox (badness 10000) in paragraph at lines 579--579
\T1/cmr/bx/n/10.95 Ga-li-leo, Ra-te-
 []


Underfull \hbox (badness 10000) in paragraph at lines 579--579
\T1/cmr/bx/n/10.95 Hawk, Web-
 []


Underfull \hbox (badness 10000) in paragraph at lines 583--583
[]|\T1/cmr/bx/n/10.95 Webhooks &
 []


Underfull \hbox (badness 10000) in paragraph at lines 583--583
\T1/cmr/bx/n/10.95 Sync Temps
 []


Underfull \hbox (badness 10000) in paragraph at lines 585--585
[]|\T1/cmr/bx/n/10.95 Gestion de
 []


Underfull \hbox (badness 10000) in paragraph at lines 598--598
[]|\T1/cmr/bx/n/10.95 Dossiers de
 []


Underfull \hbox (badness 10000) in paragraph at lines 604--604
[]|\T1/cmr/bx/n/10.95 Inventaire &
 []

d:/stage/stage_PFA_2026/stage/documentation_du_grile_fonctionnelle/documentation2.tex:606: ignored error: Infinite glue shrinkage found in box being split [14

] [15] (documentation2.aux)
 ***********
LaTeX2e <2025-11-01>
L3 programming layer <2025-12-24>
 ***********
Package rerunfilecheck Info: File `documentation2.out' has not changed.
(rerunfilecheck)             Checksum: AC73A2F17063AD19658DAF5B7793CD1A;4288.
 ) 
Here is how much of TeX's memory you used:
 14301 strings out of 467871
 235046 string characters out of 5428452
 680209 words of memory out of 5000000
 42958 multiletter control sequences out of 15000+600000
 640458 words of font info for 63 fonts, out of 8000000 for 9000
 1141 hyphenation exceptions out of 8191
 75i,12n,79p,545b,628s stack positions out of 10000i,1000n,20000p,200000b,200000s
 <C:\Users\hp\AppData\Local\MiKTeX\fonts/pk/ljfour/jknappen/ec/dpi600\ecbx1000.pk> <C:\Users\hp\AppData\Local\MiKTeX\fonts/pk/ljfour/jknappen/ec/dpi600\ecxc1000.pk> <C:\Users\hp\AppData\Local\MiKTeX\fonts/pk/ljfour/jknappen/ec/dpi600\ectt1095.pk> <C:\Users\hp\AppData\Local\MiKTeX\fonts/pk/ljfour/jknappen/ec/dpi600\ecti1000.pk> <C:\Users\hp\AppData\Local\MiKTeX\fonts/pk/ljfour/jknappen/ec/dpi600\ecti1095.pk> <C:\Users\hp\AppData\Local\MiKTeX\fonts/pk/ljfour/jknappen/ec/dpi600\ecrm1000.pk> <C:\Users\hp\AppData\Local\MiKTeX\fonts/pk/ljfour/jknappen/ec/dpi600\ecrm1200.pk> <C:\Users\hp\AppData\Local\MiKTeX\fonts/pk/ljfour/jknappen/ec/dpi600\ecrm1095.pk> <C:\Users\hp\AppData\Local\MiKTeX\fonts/pk/ljfour/jknappen/ec/dpi600\ecbx1095.pk> <C:\Users\hp\AppData\Local\MiKTeX\fonts/pk/ljfour/jknappen/ec/dpi600\ecrm1440.pk> <C:\Users\hp\AppData\Local\MiKTeX\fonts/pk/ljfour/jknappen/ec/dpi600\ecbx2488.pk> <C:\Users\hp\AppData\Local\MiKTeX\fonts/pk/ljfour/jknappen/ec/dpi600\ecbx1440.pk>
Output written on documentation2.pdf (16 pages, 1172105 bytes).
PDF statistics:
 675 PDF objects out of 1000 (max. 8388607)
 63 named destinations out of 1000 (max. 500000)
 206 words of extra memory for PDF output out of 10000 (max. 10000000)

