\BOOKMARK [0][-]{chapter*.2}{\376\377\000I\000n\000t\000r\000o\000d\000u\000c\000t\000i\000o\000n\000\040\000G\000\351\000n\000\351\000r\000a\000l\000e}{}% 1
\BOOKMARK [0][-]{chapter.1}{\376\377\000C\000o\000n\000t\000e\000x\000t\000e\000\040\000d\000e\000\040\000l\000a\000\040\000t\000\342\000c\000h\000e}{}% 2
\BOOKMARK [1][-]{section.1.1}{\376\377\000P\000r\000\351\000s\000e\000n\000t\000a\000t\000i\000o\000n\000\040\000d\000u\000\040\000b\000e\000s\000o\000i\000n}{chapter.1}% 3
\BOOKMARK [1][-]{section.1.2}{\376\377\000O\000b\000j\000e\000c\000t\000i\000f\000s}{chapter.1}% 4
\BOOKMARK [1][-]{section.1.3}{\376\377\000R\000\351\000s\000u\000l\000t\000a\000t\000\040\000a\000t\000t\000e\000n\000d\000u}{chapter.1}% 5
\BOOKMARK [0][-]{chapter.2}{\376\377\000P\000r\000\351\000r\000e\000q\000u\000i\000s}{}% 6
\BOOKMARK [1][-]{section.2.1}{\376\377\000L\000o\000g\000i\000c\000i\000e\000l\000s\000\040\000n\000\351\000c\000e\000s\000s\000a\000i\000r\000e\000s}{chapter.2}% 7
\BOOKMARK [1][-]{section.2.2}{\376\377\000T\000e\000c\000h\000n\000o\000l\000o\000g\000i\000e\000s\000\040\000u\000t\000i\000l\000i\000s\000\351\000e\000s}{chapter.2}% 8
\BOOKMARK [1][-]{section.2.3}{\376\377\000C\000o\000n\000f\000i\000g\000u\000r\000a\000t\000i\000o\000n\000\040\000r\000e\000q\000u\000i\000s\000e}{chapter.2}% 9
\BOOKMARK [0][-]{chapter.3}{\376\377\000M\000o\000d\000u\000l\000e\000\040\000C\000R\000M}{}% 10
\BOOKMARK [1][-]{section.3.1}{\376\377\000G\000E\000S\000T\000I\000O\000N\000\040\000D\000E\000S\000\040\000P\000R\000O\000S\000P\000E\000C\000T\000S\000\040\000\046\000\040\000D\000E\000M\000A\000N\000D\000E\000S}{chapter.3}% 11
\BOOKMARK [2][-]{subsection.3.1.1}{\376\377\000C\000a\000p\000t\000u\000r\000e\000\040\000a\000u\000t\000o\000m\000a\000t\000i\000q\000u\000e\000\040\000d\000e\000s\000\040\000d\000e\000m\000a\000n\000d\000e\000s\000\040\000d\000e\000\040\000d\000e\000v\000i\000s\000\040\000d\000e\000\040\000v\000o\000y\000a\000g\000e\000\040\000d\000e\000p\000u\000i\000s\000\040\000l\000e\000\040\000s\000i\000t\000e\000\040\000i\000n\000t\000e\000r\000n\000e\000t}{section.3.1}% 12
\BOOKMARK [2][-]{subsection.3.1.2}{\376\377\000Q\000u\000a\000l\000i\000f\000i\000c\000a\000t\000i\000o\000n\000\040\000d\000e\000s\000\040\000p\000r\000\351\000f\000\351\000r\000e\000n\000c\000e\000s\000\040\000d\000e\000\040\000v\000o\000y\000a\000g\000e\000\040\000d\000e\000s\000\040\000p\000r\000o\000s\000p\000e\000c\000t\000s}{section.3.1}% 13
\BOOKMARK [1][-]{section.3.2}{\376\377\000P\000L\000A\000N\000I\000F\000I\000C\000A\000T\000I\000O\000N\000\040\000D\000'\000A\000C\000T\000I\000V\000I\000T\000\311\000S}{chapter.3}% 14
\BOOKMARK [1][-]{section.3.3}{\376\377\000R\000E\000P\000O\000R\000T\000I\000N\000G\000\040\000C\000O\000M\000M\000E\000R\000C\000I\000A\000L}{chapter.3}% 15
\BOOKMARK [0][-]{chapter.4}{\376\377\000M\000o\000d\000u\000l\000e\000\040\000V\000E\000N\000T\000E}{}% 16
\BOOKMARK [1][-]{section.4.1}{\376\377\000C\000R\000\311\000A\000T\000I\000O\000N\000\040\000D\000E\000\040\000D\000E\000V\000I\000S}{chapter.4}% 17
\BOOKMARK [1][-]{section.4.2}{\376\377\000R\000\310\000G\000L\000E\000M\000E\000N\000T\000S\000\040\000\046\000\040\000F\000A\000C\000T\000U\000R\000E\000S\000\040\000D\000'\000A\000C\000O\000M\000P\000T\000E\000S}{chapter.4}% 18
\BOOKMARK [0][-]{chapter.5}{\376\377\000M\000o\000d\000u\000l\000e\000\040\000F\000A\000C\000T\000U\000R\000A\000T\000I\000O\000N}{}% 19
\BOOKMARK [1][-]{section.5.1}{\376\377\000F\000A\000C\000T\000U\000R\000A\000T\000I\000O\000N\000\040\000C\000L\000I\000E\000N\000T\000S}{chapter.5}% 20
\BOOKMARK [2][-]{subsection.5.1.1}{\376\377\000C\000r\000\351\000a\000t\000i\000o\000n\000\040\000d\000e\000\040\000f\000a\000c\000t\000u\000r\000e\000s\000\040\000a\000d\000a\000p\000t\000\351\000e\000s\000\040\000a\000u\000\040\000s\000e\000c\000t\000e\000u\000r\000\040\000a\000v\000e\000c\000\040\000T\000V\000A\000\040\000s\000u\000r\000\040\000l\000a\000\040\000m\000a\000r\000g\000e\000\040\000b\000\351\000n\000\351\000f\000i\000c\000i\000a\000i\000r\000e\000\040\000\050\000R\000\351\000g\000i\000m\000e\000\040\000f\000i\000s\000c\000a\000l\000\040\000d\000e\000s\000\040\000a\000g\000e\000n\000c\000e\000s\000\040\000d\000e\000\040\000v\000o\000y\000a\000g\000e\000\051\000.\000\040}{section.5.1}% 21
\BOOKMARK [0][-]{chapter.6}{\376\377\000M\000o\000d\000u\000l\000e\000\040\000A\000C\000H\000A\000T}{}% 22
\BOOKMARK [1][-]{section.6.1}{\376\377\000G\000E\000S\000T\000I\000O\000N\000\040\000D\000E\000S\000\040\000P\000R\000E\000S\000T\000A\000T\000A\000I\000R\000E\000S}{chapter.6}% 23
\BOOKMARK [1][-]{section.6.2}{\376\377\000C\000O\000M\000M\000A\000N\000D\000E\000S\000\040\000D\000E\000\040\000P\000R\000E\000S\000T\000A\000T\000I\000O\000N\000S}{chapter.6}% 24
\BOOKMARK [1][-]{section.6.3}{\376\377\000C\000O\000N\000T\000R\000\324\000L\000E\000\040\000D\000E\000S\000\040\000C\000O\000\333\000T\000S}{chapter.6}% 25
\BOOKMARK [0][-]{chapter.7}{\376\377\000M\000o\000d\000u\000l\000e\000\040\000D\000O\000S\000S\000I\000E\000R\000\040\000D\000E\000\040\000V\000O\000Y\000A\000G\000E}{}% 26
\BOOKMARK [1][-]{section.7.1}{\376\377\000L\000O\000G\000I\000S\000T\000I\000Q\000U\000E\000\040\000C\000L\000I\000E\000N\000T}{chapter.7}% 27
\BOOKMARK [1][-]{section.7.2}{\376\377\000S\000U\000I\000V\000I\000\040\000A\000D\000M\000I\000N\000I\000S\000T\000R\000A\000T\000I\000F}{chapter.7}% 28
\BOOKMARK [1][-]{section.7.3}{\376\377\000G\000E\000S\000T\000I\000O\000N\000\040\000D\000O\000C\000U\000M\000E\000N\000T\000A\000I\000R\000E}{chapter.7}% 29
\BOOKMARK [0][-]{chapter.8}{\376\377\000M\000o\000d\000u\000l\000e\000\040\000S\000I\000T\000E\000\040\000W\000E\000B}{}% 30
\BOOKMARK [1][-]{section.8.1}{\376\377\000P\000R\000\311\000S\000E\000N\000T\000A\000T\000I\000O\000N\000\040\000D\000E\000\040\000L\000'\000O\000F\000F\000R\000E}{chapter.8}% 31
\BOOKMARK [1][-]{section.8.2}{\376\377\000V\000E\000N\000T\000E\000\040\000D\000I\000R\000E\000C\000T\000E\000\040\000E\000N\000\040\000L\000I\000G\000N\000E}{chapter.8}% 32
\BOOKMARK [1][-]{section.8.3}{\376\377\000E\000S\000P\000A\000C\000E\000\040\000C\000L\000I\000E\000N\000T}{chapter.8}% 33
\BOOKMARK [0][-]{chapter.9}{\376\377\000M\000o\000d\000u\000l\000e\000\040\000R\000E\000S\000S\000O\000U\000R\000C\000E\000\040\000H\000U\000M\000A\000I\000N\000E}{}% 34
\BOOKMARK [1][-]{section.9.1}{\376\377\000G\000e\000s\000t\000i\000o\000n\000\040\000d\000e\000s\000\040\000a\000c\000c\000o\000m\000p\000a\000g\000n\000a\000t\000e\000u\000r\000s}{chapter.9}% 35
\BOOKMARK [2][-]{subsection.9.1.1}{\376\377\000P\000l\000a\000n\000i\000f\000i\000c\000a\000t\000i\000o\000n\000\040\000d\000e\000s\000\040\000a\000c\000t\000i\000v\000i\000t\000\351\000s}{section.9.1}% 36
\BOOKMARK [2][-]{subsection.9.1.2}{\376\377\000G\000e\000s\000t\000i\000o\000n\000\040\000d\000e\000s\000\040\000c\000o\000n\000g\000\351\000s}{section.9.1}% 37
\BOOKMARK [1][-]{section.9.2}{\376\377\000G\000e\000s\000t\000i\000o\000n\000\040\000d\000e\000s\000\040\000n\000o\000t\000e\000s\000\040\000d\000e\000\040\000f\000r\000a\000i\000s\000\040\000t\000e\000r\000r\000a\000i\000n}{chapter.9}% 38
\BOOKMARK [2][-]{subsection.9.2.1}{\376\377\000C\000r\000\351\000a\000t\000i\000o\000n\000\040\000d\000'\000u\000n\000e\000\040\000n\000o\000t\000e\000\040\000d\000e\000\040\000f\000r\000a\000i\000s}{section.9.2}% 39
\BOOKMARK [2][-]{subsection.9.2.2}{\376\377\000S\000a\000i\000s\000i\000e\000\040\000d\000e\000s\000\040\000i\000n\000f\000o\000r\000m\000a\000t\000i\000o\000n\000s\000\040\000d\000e\000\040\000l\000a\000\040\000d\000\351\000p\000e\000n\000s\000e}{section.9.2}% 40
\BOOKMARK [2][-]{subsection.9.2.3}{\376\377\000V\000a\000l\000i\000d\000a\000t\000i\000o\000n\000\040\000e\000t\000\040\000r\000e\000m\000b\000o\000u\000r\000s\000e\000m\000e\000n\000t}{section.9.2}% 41
\BOOKMARK [0][-]{chapter*.4}{\376\377\000C\000o\000n\000c\000l\000u\000s\000i\000o\000n\000\040\000G\000\351\000n\000\351\000r\000a\000l\000e}{}% 42
